2026-10-03 23:09:24 [INFO] osa_qc.engine: Starting QC for 139 rows on flipkart (concurrency=3)
2026-10-03 23:09:24 [INFO] osa_qc.engine: Large file detected (139 rows), capping concurrency to 2 workers
2026-10-03 23:09:25 [INFO] osa_qc.engine: Processing in 3 batch(es) of up to 50 rows each
2026-10-03 23:09:25 [INFO] osa_qc.engine: Starting batch 1/3 (50 rows)
2026-10-03 23:11:22 [INFO] osa_qc.engine: Starting QC for 5 rows on blinkit (concurrency=3)
2026-10-03 23:11:23 [INFO] osa_qc.engine: Processing in 1 batch(es) of up to 50 rows each
2026-10-03 23:11:23 [INFO] osa_qc.engine: Starting batch 1/1 (5 rows)
2026-10-03 23:11:41 [INFO] osa_qc.engine: Starting QC for 5 rows on flipkart (concurrency=3)
2026-10-03 23:11:42 [INFO] osa_qc.engine: Processing in 1 batch(es) of up to 50 rows each
2026-10-03 23:11:42 [INFO] osa_qc.engine: Starting batch 1/1 (5 rows)
2026-10-03 23:12:04 [INFO] osa_qc.engine: QC complete: 1 mismatches out of 5 rows
2026-10-03 23:14:19 [INFO] osa_qc.engine: Starting QC for 30 rows on amazon (concurrency=3)
2026-10-03 23:14:35 [INFO] osa_qc.engine: Processing in 1 batch(es) of up to 50 rows each
2026-10-03 23:14:35 [INFO] osa_qc.engine: Starting batch 1/1 (30 rows)
2026-10-03 23:16:44 [INFO] osa_qc.engine: QC complete: 7 mismatches out of 30 rows
2026-10-03 23:20:48 [INFO] osa_qc.engine: Starting QC for 20 rows on onemg (concurrency=3)
2026-10-03 23:20:49 [INFO] osa_qc.engine: Processing in 1 batch(es) of up to 50 rows each
2026-10-03 23:20:49 [INFO] osa_qc.engine: Starting batch 1/1 (20 rows)
2026-10-03 23:21:38 [INFO] osa_qc.engine: QC complete: 8 mismatches out of 20 rows
2026-10-03 23:27:03 [INFO] osa_qc.engine: Starting QC for 10 rows on onemg (concurrency=3)
2026-10-03 23:27:03 [INFO] osa_qc.engine: Processing in 1 batch(es) of up to 50 rows each
2026-10-03 23:27:03 [INFO] osa_qc.engine: Starting batch 1/1 (10 rows)
2026-10-03 23:27:32 [INFO] osa_qc.engine: QC complete: 5 mismatches out of 10 rows
