2026-09-14 11:00:15 [INFO] osa_qc.engine: Starting QC for 30 rows on flipkart (concurrency=3)
2026-09-14 11:00:18 [INFO] osa_qc.engine: Processing in 1 batch(es) of up to 50 rows each
2026-09-14 11:00:18 [INFO] osa_qc.engine: Starting batch 1/1 (30 rows)
2026-09-14 11:03:14 [INFO] osa_qc.engine: QC complete: 0 mismatches out of 30 rows
2026-09-14 11:03:51 [INFO] osa_qc.engine: Starting QC for 30 rows on flipkart (concurrency=3)
2026-09-14 11:03:52 [INFO] osa_qc.engine: Processing in 1 batch(es) of up to 50 rows each
2026-09-14 11:03:52 [INFO] osa_qc.engine: Starting batch 1/1 (30 rows)
2026-09-14 11:04:03 [WARNING] osa_qc.engine: Retry 1/3 for https://flipkart.com/abc/p/itmxyz?pid=MDMGYSA6GGDYV4PT in 3.4s (HTTP 200)
2026-09-14 11:04:04 [WARNING] osa_qc.engine: Retry 1/3 for https://flipkart.com/abc/p/itmxyz?pid=MDMGYYDMA4DG2G5D in 4.2s (HTTP 200)
2026-09-14 11:04:12 [WARNING] osa_qc.engine: Retry 2/3 for https://flipkart.com/abc/p/itmxyz?pid=MDMGYSA6GGDYV4PT in 6.3s (HTTP 200)
2026-09-14 11:04:16 [WARNING] osa_qc.engine: Retry 1/3 for https://flipkart.com/abc/p/itmxyz?pid=MDMGQ59ZDCVADMQ5 in 4.9s (HTTP 200)
2026-09-14 11:04:16 [WARNING] osa_qc.engine: Retry 2/3 for https://flipkart.com/abc/p/itmxyz?pid=MDMGYYDMA4DG2G5D in 6.7s (HTTP 200)
2026-09-14 11:04:32 [WARNING] osa_qc.engine: Retry 2/3 for https://flipkart.com/abc/p/itmxyz?pid=MDMGQ59ZDCVADMQ5 in 6.4s (HTTP 200)
2026-09-14 11:04:49 [WARNING] osa_qc.engine: Retry 1/3 for https://flipkart.com/abc/p/itmxyz?pid=MDMGYSA6GGDYV4PT in 4.1s (HTTP 200)
2026-09-14 11:04:56 [WARNING] osa_qc.engine: Retry 1/3 for https://flipkart.com/abc/p/itmxyz?pid=MDMG3TZBY2FRGJMH in 3.6s (HTTP 200)
2026-09-14 11:05:00 [WARNING] osa_qc.engine: Retry 2/3 for https://flipkart.com/abc/p/itmxyz?pid=MDMGYSA6GGDYV4PT in 6.1s (HTTP 200)
2026-09-14 11:05:04 [WARNING] osa_qc.engine: Retry 2/3 for https://flipkart.com/abc/p/itmxyz?pid=MDMG3TZBY2FRGJMH in 6.4s (HTTP 200)
2026-09-14 11:05:30 [WARNING] osa_qc.engine: Retry 1/3 for https://flipkart.com/abc/p/itmxyz?pid=MDMGQ59ZDCVADMQ5 in 4.9s (HTTP 200)
2026-09-14 11:05:42 [WARNING] osa_qc.engine: Retry 1/3 for https://flipkart.com/abc/p/xyz?pid=MDMHGYZ2CGBCJ97S in 3.7s (HTTP 200)
2026-09-14 11:05:45 [WARNING] osa_qc.engine: Retry 2/3 for https://flipkart.com/abc/p/itmxyz?pid=MDMGQ59ZDCVADMQ5 in 7.5s (HTTP 200)
2026-09-14 11:05:56 [WARNING] osa_qc.engine: Retry 1/3 for https://flipkart.com/abc/p/itmxyz?pid=MDMGZBJNZ8GDZDQJ in 3.2s (HTTP 200)
2026-09-14 11:06:00 [WARNING] osa_qc.engine: Retry 2/3 for https://flipkart.com/abc/p/xyz?pid=MDMHGYZ2CGBCJ97S in 7.7s (HTTP 200)
2026-09-14 11:06:07 [WARNING] osa_qc.engine: Retry 2/3 for https://flipkart.com/abc/p/itmxyz?pid=MDMGZBJNZ8GDZDQJ in 6.9s (HTTP 200)
2026-09-14 11:06:14 [WARNING] osa_qc.engine: Retry 1/3 for https://flipkart.com/abc/p/itmxyz?pid=VSLGTZ2YZ4NZZVRS in 3.7s (HTTP 200)
2026-09-14 11:06:25 [WARNING] osa_qc.engine: Retry 2/3 for https://flipkart.com/abc/p/itmxyz?pid=VSLGTZ2YZ4NZZVRS in 7.2s (HTTP 200)
2026-09-14 11:06:29 [WARNING] osa_qc.engine: Retry 1/3 for https://flipkart.com/abc/p/itmxyz?pid=INFHZBKGW5NXM3VP in 4.6s (HTTP 200)
2026-09-14 11:06:50 [WARNING] osa_qc.engine: Retry 2/3 for https://flipkart.com/abc/p/itmxyz?pid=INFHZBKGW5NXM3VP in 6.6s (HTTP 200)
2026-09-14 11:06:55 [WARNING] osa_qc.engine: Retry 1/3 for https://flipkart.com/abc/p/itmxyz?pid=MDMH25KKBCHFBQKN in 3.9s (HTTP 200)
2026-09-14 11:07:03 [WARNING] osa_qc.engine: Retry 2/3 for https://flipkart.com/abc/p/itmxyz?pid=MDMH25KKBCHFBQKN in 7.0s (HTTP 200)
2026-09-14 11:07:07 [WARNING] osa_qc.engine: Retry 1/3 for https://flipkart.com/abc/p/itmxyz?pid=MDMGQ59ZDCVADMQ5 in 3.4s (HTTP 200)
2026-09-14 11:07:10 [WARNING] osa_qc.engine: Retry 1/3 for https://flipkart.com/abc/p/xyz?pid=PSLFY5WH3EUFHKGQ in 4.4s (HTTP 200)
2026-09-14 11:07:14 [WARNING] osa_qc.engine: Retry 2/3 for https://flipkart.com/abc/p/itmxyz?pid=MDMGQ59ZDCVADMQ5 in 7.6s (HTTP 200)
2026-09-14 11:07:21 [WARNING] osa_qc.engine: Retry 2/3 for https://flipkart.com/abc/p/xyz?pid=PSLFY5WH3EUFHKGQ in 7.0s (HTTP 200)
2026-09-14 11:07:29 [WARNING] osa_qc.engine: Retry 1/3 for https://flipkart.com/abc/p/itmxyz?pid=MDMG6RDHVCP9ST9S in 4.2s (HTTP 200)
2026-09-14 11:07:40 [WARNING] osa_qc.engine: Retry 2/3 for https://flipkart.com/abc/p/itmxyz?pid=MDMG6RDHVCP9ST9S in 7.2s (HTTP 200)
2026-09-14 11:07:43 [WARNING] osa_qc.engine: Retry 1/3 for https://flipkart.com/abc/p/itmxyz?pid=MDMHFU48HVDFHVCX in 3.2s (HTTP 200)
2026-09-14 11:07:43 [WARNING] osa_qc.engine: Retry 1/3 for https://flipkart.com/abc/p/itmxyz?pid=MDMGQ59ZFSRPU7YZ in 3.5s (HTTP 200)
2026-09-14 11:07:59 [WARNING] osa_qc.engine: Retry 2/3 for https://flipkart.com/abc/p/itmxyz?pid=MDMHFU48HVDFHVCX in 6.1s (HTTP 200)
2026-09-14 11:07:59 [WARNING] osa_qc.engine: Retry 2/3 for https://flipkart.com/abc/p/itmxyz?pid=MDMGQ59ZFSRPU7YZ in 6.8s (HTTP 200)
2026-09-14 11:08:10 [WARNING] osa_qc.engine: Retry 1/3 for https://flipkart.com/abc/p/itmxyz?pid=INFHKR8Z9YQR5BGF in 4.9s (HTTP 200)
2026-09-14 11:08:28 [WARNING] osa_qc.engine: Retry 2/3 for https://flipkart.com/abc/p/itmxyz?pid=INFHKR8Z9YQR5BGF in 6.4s (HTTP 200)
2026-09-14 11:08:38 [WARNING] osa_qc.engine: Retry 1/3 for https://flipkart.com/abc/p/itmxyz?pid=MDMH25KKBCHFBQKN in 3.1s (HTTP 200)
2026-09-14 11:08:52 [WARNING] osa_qc.engine: Retry 2/3 for https://flipkart.com/abc/p/itmxyz?pid=MDMH25KKBCHFBQKN in 6.7s (HTTP 200)
2026-09-14 11:09:01 [WARNING] osa_qc.engine: Retry 1/3 for https://flipkart.com/abc/p/xyz?pid=MDMHGYZFYAG3GYKE in 3.8s (HTTP 200)
2026-09-14 11:09:10 [WARNING] osa_qc.engine: Retry 2/3 for https://flipkart.com/abc/p/xyz?pid=MDMHGYZFYAG3GYKE in 7.8s (HTTP 200)
2026-09-14 11:09:27 [INFO] osa_qc.engine: QC complete: 30 mismatches out of 30 rows
2026-09-14 11:16:00 [INFO] osa_qc.engine: Starting QC for 30 rows on flipkart (concurrency=3)
2026-09-14 11:16:02 [INFO] osa_qc.engine: Processing in 1 batch(es) of up to 50 rows each
2026-09-14 11:16:02 [INFO] osa_qc.engine: Starting batch 1/1 (30 rows)
2026-09-14 11:20:04 [INFO] osa_qc.engine: QC complete: 15 mismatches out of 30 rows
