2026-09-07 16:48:23 [INFO] osa_qc.engine: Starting QC for 11 rows on onemg
2026-09-07 16:48:29 [DEBUG] osa_qc.engine: Retry 1/3 for https://www.1mg.com/otc/xyz-1137760 in 2.0s
2026-09-07 16:48:31 [DEBUG] osa_qc.engine: Retry 2/3 for https://www.1mg.com/otc/xyz-1137760 in 4.0s
2026-09-07 16:48:37 [DEBUG] osa_qc.engine: Retry 1/3 for https://www.1mg.com/otc/xyz-1137760 in 2.0s
2026-09-07 16:48:39 [DEBUG] osa_qc.engine: Retry 2/3 for https://www.1mg.com/otc/xyz-1137760 in 4.0s
2026-09-07 16:48:45 [DEBUG] osa_qc.engine: Retry 1/3 for https://www.1mg.com/otc/xyz-1137760 in 2.0s
2026-09-07 16:48:47 [DEBUG] osa_qc.engine: Retry 2/3 for https://www.1mg.com/otc/xyz-1137760 in 4.0s
2026-09-07 16:48:53 [DEBUG] osa_qc.engine: Retry 1/3 for https://www.1mg.com/otc/xyz-1137760 in 2.0s
2026-09-07 16:48:56 [DEBUG] osa_qc.engine: Retry 2/3 for https://www.1mg.com/otc/xyz-1137760 in 4.0s
2026-09-07 16:49:02 [DEBUG] osa_qc.engine: Retry 1/3 for https://www.1mg.com/otc/xyz-1137760 in 2.0s
2026-09-07 16:49:04 [DEBUG] osa_qc.engine: Retry 2/3 for https://www.1mg.com/otc/xyz-1137760 in 4.0s
2026-09-07 16:49:10 [DEBUG] osa_qc.engine: Retry 1/3 for https://www.1mg.com/otc/xyz-1137760 in 2.0s
2026-09-07 16:49:12 [DEBUG] osa_qc.engine: Retry 2/3 for https://www.1mg.com/otc/xyz-1137760 in 4.0s
2026-09-07 16:49:18 [DEBUG] osa_qc.engine: Retry 1/3 for https://www.1mg.com/otc/xyz-1137760 in 2.0s
2026-09-07 16:49:20 [DEBUG] osa_qc.engine: Retry 2/3 for https://www.1mg.com/otc/xyz-1137760 in 4.0s
2026-09-07 16:49:27 [DEBUG] osa_qc.engine: Retry 1/3 for https://www.1mg.com/otc/xyz-1137760 in 2.0s
2026-09-07 16:49:29 [DEBUG] osa_qc.engine: Retry 2/3 for https://www.1mg.com/otc/xyz-1137760 in 4.0s
2026-09-07 16:49:35 [DEBUG] osa_qc.engine: Retry 1/3 for https://www.1mg.com/otc/xyz-953864 in 2.0s
2026-09-07 16:49:37 [DEBUG] osa_qc.engine: Retry 2/3 for https://www.1mg.com/otc/xyz-953864 in 4.0s
2026-09-07 16:49:43 [DEBUG] osa_qc.engine: Retry 1/3 for https://www.1mg.com/otc/ensure-powder-complete-balanced-drink-for-adults-for-strength-immunity-energy-with-essential-vitamins-nutrition-formula-vanilla-with-free-shaker-otc1048720 in 2.0s
2026-09-07 16:49:45 [DEBUG] osa_qc.engine: Retry 2/3 for https://www.1mg.com/otc/ensure-powder-complete-balanced-drink-for-adults-for-strength-immunity-energy-with-essential-vitamins-nutrition-formula-vanilla-with-free-shaker-otc1048720 in 4.0s
2026-09-07 16:49:52 [DEBUG] osa_qc.engine: Retry 1/3 for https://www.1mg.com/otc/little-joys-multivitamin-gummies-7-12-yrs-no-added-sugar-11-vitamins-minerals-natural-strawberry-otc1123557 in 2.0s
2026-09-07 16:49:54 [DEBUG] osa_qc.engine: Retry 2/3 for https://www.1mg.com/otc/little-joys-multivitamin-gummies-7-12-yrs-no-added-sugar-11-vitamins-minerals-natural-strawberry-otc1123557 in 4.0s
2026-09-07 16:50:00 [INFO] osa_qc.engine: QC complete: 11 mismatches out of 11 rows
2026-09-07 17:02:00 [INFO] osa_qc.engine: Starting QC for 11 rows on onemg
2026-09-07 17:02:01 [DEBUG] osa_qc.engine: Retry 1/3 for https://www.1mg.com/otc/xyz-1137760 in 2.0s
2026-09-07 17:02:04 [DEBUG] osa_qc.engine: Retry 2/3 for https://www.1mg.com/otc/xyz-1137760 in 4.0s
2026-09-07 17:02:10 [DEBUG] osa_qc.engine: Retry 1/3 for https://www.1mg.com/otc/xyz-1137760 in 2.0s
2026-09-07 17:02:12 [DEBUG] osa_qc.engine: Retry 2/3 for https://www.1mg.com/otc/xyz-1137760 in 4.0s
2026-09-07 17:02:18 [DEBUG] osa_qc.engine: Retry 1/3 for https://www.1mg.com/otc/xyz-1137760 in 2.0s
2026-09-07 17:02:20 [DEBUG] osa_qc.engine: Retry 2/3 for https://www.1mg.com/otc/xyz-1137760 in 4.0s
2026-09-07 17:02:27 [DEBUG] osa_qc.engine: Retry 1/3 for https://www.1mg.com/otc/xyz-1137760 in 2.0s
2026-09-07 17:02:29 [DEBUG] osa_qc.engine: Retry 2/3 for https://www.1mg.com/otc/xyz-1137760 in 4.0s
2026-09-07 17:02:35 [DEBUG] osa_qc.engine: Retry 1/3 for https://www.1mg.com/otc/xyz-1137760 in 2.0s
2026-09-07 17:02:38 [DEBUG] osa_qc.engine: Retry 2/3 for https://www.1mg.com/otc/xyz-1137760 in 4.0s
2026-09-07 17:02:43 [DEBUG] osa_qc.engine: Retry 1/3 for https://www.1mg.com/otc/xyz-1137760 in 2.0s
2026-09-07 17:02:46 [DEBUG] osa_qc.engine: Retry 2/3 for https://www.1mg.com/otc/xyz-1137760 in 4.0s
2026-09-07 17:02:51 [DEBUG] osa_qc.engine: Retry 1/3 for https://www.1mg.com/otc/xyz-1137760 in 2.0s
2026-09-07 17:02:53 [DEBUG] osa_qc.engine: Retry 2/3 for https://www.1mg.com/otc/xyz-1137760 in 4.0s
2026-09-07 17:02:59 [DEBUG] osa_qc.engine: Retry 1/3 for https://www.1mg.com/otc/xyz-1137760 in 2.0s
2026-09-07 17:03:01 [DEBUG] osa_qc.engine: Retry 2/3 for https://www.1mg.com/otc/xyz-1137760 in 4.0s
2026-09-07 17:03:07 [DEBUG] osa_qc.engine: Retry 1/3 for https://www.1mg.com/otc/xyz-953864 in 2.0s
2026-09-07 17:03:09 [DEBUG] osa_qc.engine: Retry 2/3 for https://www.1mg.com/otc/xyz-953864 in 4.0s
2026-09-07 17:03:17 [DEBUG] osa_qc.engine: Retry 1/3 for https://www.1mg.com/otc/ensure-powder-complete-balanced-drink-for-adults-for-strength-immunity-energy-with-essential-vitamins-nutrition-formula-vanilla-with-free-shaker-otc1048720 in 2.0s
2026-09-07 17:03:19 [DEBUG] osa_qc.engine: Retry 2/3 for https://www.1mg.com/otc/ensure-powder-complete-balanced-drink-for-adults-for-strength-immunity-energy-with-essential-vitamins-nutrition-formula-vanilla-with-free-shaker-otc1048720 in 4.0s
2026-09-07 17:03:25 [DEBUG] osa_qc.engine: Retry 1/3 for https://www.1mg.com/otc/little-joys-multivitamin-gummies-7-12-yrs-no-added-sugar-11-vitamins-minerals-natural-strawberry-otc1123557 in 2.0s
2026-09-07 17:03:27 [DEBUG] osa_qc.engine: Retry 2/3 for https://www.1mg.com/otc/little-joys-multivitamin-gummies-7-12-yrs-no-added-sugar-11-vitamins-minerals-natural-strawberry-otc1123557 in 4.0s
2026-09-07 17:03:33 [INFO] osa_qc.engine: QC complete: 11 mismatches out of 11 rows
2026-09-07 17:16:40 [INFO] osa_qc.engine: Starting QC for 10 rows on onemg
2026-09-07 17:18:57 [INFO] osa_qc.engine: QC complete: 0 mismatches out of 10 rows
2026-09-07 17:24:18 [INFO] osa_qc.engine: Starting QC for 11 rows on onemg (concurrency=3)
2026-09-07 17:24:19 [WARNING] osa_qc.engine: Retry 1/2 for https://www.1mg.com/otc/xyz-1137760 in 5.0s
2026-09-07 17:24:20 [WARNING] osa_qc.engine: Retry 1/2 for https://www.1mg.com/otc/xyz-1137760 in 5.0s
2026-09-07 17:24:21 [WARNING] osa_qc.engine: Retry 1/2 for https://www.1mg.com/otc/xyz-1137760 in 5.0s
2026-09-07 17:24:26 [WARNING] osa_qc.engine: Retry 1/2 for https://www.1mg.com/otc/xyz-1137760 in 5.0s
2026-09-07 17:24:27 [WARNING] osa_qc.engine: Retry 1/2 for https://www.1mg.com/otc/xyz-1137760 in 5.0s
2026-09-07 17:24:27 [WARNING] osa_qc.engine: Retry 1/2 for https://www.1mg.com/otc/xyz-1137760 in 5.0s
2026-09-07 17:24:33 [WARNING] osa_qc.engine: Retry 1/2 for https://www.1mg.com/otc/xyz-1137760 in 5.0s
2026-09-07 17:24:33 [WARNING] osa_qc.engine: Retry 1/2 for https://www.1mg.com/otc/xyz-1137760 in 5.0s
2026-09-07 17:24:34 [WARNING] osa_qc.engine: Retry 1/2 for https://www.1mg.com/otc/xyz-953864 in 5.0s
2026-09-07 17:24:39 [WARNING] osa_qc.engine: Retry 1/2 for https://www.1mg.com/otc/ensure-powder-complete-balanced-drink-for-adults-for-strength-immunity-energy-with-essential-vitamins-nutrition-formula-vanilla-with-free-shaker-otc1048720 in 5.0s
2026-09-07 17:24:40 [WARNING] osa_qc.engine: Retry 1/2 for https://www.1mg.com/otc/little-joys-multivitamin-gummies-7-12-yrs-no-added-sugar-11-vitamins-minerals-natural-strawberry-otc1123557 in 5.0s
2026-09-07 17:24:46 [INFO] osa_qc.engine: QC complete: 11 mismatches out of 11 rows
2026-09-07 17:41:20 [INFO] osa_qc.engine: Starting QC for 16 rows on onemg (concurrency=3)
2026-09-07 17:41:36 [INFO] osa_qc.engine: QC complete: 16 mismatches out of 16 rows
