2026-09-11 10:53:35 [INFO] osa_qc.engine: Starting QC for 50 rows on blinkit (concurrency=3)
2026-09-11 10:53:38 [INFO] osa_qc.engine: Processing in 1 batch(es) of up to 50 rows each
2026-09-11 10:53:42 [INFO] osa_qc.engine: Starting QC for 10 rows on blinkit (concurrency=3)
2026-09-11 10:53:42 [INFO] osa_qc.engine: Processing in 1 batch(es) of up to 50 rows each
2026-09-11 10:53:42 [INFO] osa_qc.engine: Starting batch 1/1 (10 rows)
2026-09-11 10:54:29 [INFO] osa_qc.engine: QC complete: 0 mismatches out of 10 rows
2026-09-11 13:06:41 [INFO] osa_qc.engine: Starting QC for 30 rows on blinkit (concurrency=3)
2026-09-11 13:06:42 [INFO] osa_qc.engine: Processing in 1 batch(es) of up to 50 rows each
2026-09-11 13:06:42 [INFO] osa_qc.engine: Starting batch 1/1 (30 rows)
2026-09-11 13:06:50 [WARNING] osa_qc.engine: Retry 1/3 for https://www.bigbasket.com/pd/40097876/aptamil-follow-up-infant-formula-powder-stage-3-from-12-months-onwards-400-g-bag-in-box-pack/ in 6.9s (HTTP 403)
2026-09-11 13:06:50 [WARNING] osa_qc.engine: Retry 1/3 for https://www.bigbasket.com/pd/40343561/nestle-cerelac-multigrain-dal-veg-baby-cereal-with-milk-12-24-months-300-g/ in 7.1s (HTTP 403)
2026-09-11 13:06:50 [WARNING] osa_qc.engine: Retry 1/3 for https://www.bigbasket.com/pd/40364660/ensure-chocolate-flavoured-health-supplement-950-g-box/ in 7.3s (HTTP 403)
2026-09-11 13:06:57 [WARNING] osa_qc.engine: Retry 2/3 for https://www.bigbasket.com/pd/40097876/aptamil-follow-up-infant-formula-powder-stage-3-from-12-months-onwards-400-g-bag-in-box-pack/ in 13.5s (HTTP 403)
2026-09-11 13:06:58 [WARNING] osa_qc.engine: Retry 2/3 for https://www.bigbasket.com/pd/40343561/nestle-cerelac-multigrain-dal-veg-baby-cereal-with-milk-12-24-months-300-g/ in 12.2s (HTTP 403)
2026-09-11 13:06:58 [WARNING] osa_qc.engine: Retry 2/3 for https://www.bigbasket.com/pd/40364660/ensure-chocolate-flavoured-health-supplement-950-g-box/ in 13.1s (HTTP 403)
2026-09-11 13:07:14 [WARNING] osa_qc.engine: Retry 1/3 for https://www.bigbasket.com/pd/40233849/aptagrow-nutritious-milk-powder-provides-strong-immunity-for-kids-chocolate-flavour-400-g/ in 6.4s (HTTP 403)
2026-09-11 13:07:15 [WARNING] osa_qc.engine: Retry 1/3 for https://www.bigbasket.com/pd/40218090/horlicks-diabetes-plus-helps-manage-blood-sugar-vanilla-400-g-jar/ in 7.0s (HTTP 403)
2026-09-11 13:07:16 [WARNING] osa_qc.engine: Retry 1/3 for https://www.bigbasket.com/pd/40315265/protinex-nutritional-beverage-mix-original-for-adults-1-kg/ in 7.4s (HTTP 403)
2026-09-11 13:07:20 [WARNING] osa_qc.engine: Retry 2/3 for https://www.bigbasket.com/pd/40233849/aptagrow-nutritious-milk-powder-provides-strong-immunity-for-kids-chocolate-flavour-400-g/ in 12.1s (HTTP 403)
2026-09-11 13:07:23 [WARNING] osa_qc.engine: Retry 2/3 for https://www.bigbasket.com/pd/40218090/horlicks-diabetes-plus-helps-manage-blood-sugar-vanilla-400-g-jar/ in 13.9s (HTTP 403)
2026-09-11 13:07:23 [WARNING] osa_qc.engine: Retry 2/3 for https://www.bigbasket.com/pd/40315265/protinex-nutritional-beverage-mix-original-for-adults-1-kg/ in 13.8s (HTTP 403)
2026-09-11 13:07:37 [WARNING] osa_qc.engine: Retry 1/3 for https://www.bigbasket.com/pd/40338514/nestle-cerelac-rice-vegetables-baby-cereal-8-24-months-300-g-bag-in-box/ in 6.1s (HTTP 403)
2026-09-11 13:07:41 [WARNING] osa_qc.engine: Retry 1/3 for https://www.bigbasket.com/pd/40359127/horlicks-classic-malt-nutrition-drink-500-g-pouch/ in 7.5s (HTTP 403)
2026-09-11 13:07:41 [WARNING] osa_qc.engine: Retry 1/3 for https://www.bigbasket.com/pd/40333614/nestle-ceralac-5-grains-fruits-18-24-months-300-g/ in 6.6s (HTTP 403)
2026-09-11 13:07:43 [WARNING] osa_qc.engine: Retry 2/3 for https://www.bigbasket.com/pd/40338514/nestle-cerelac-rice-vegetables-baby-cereal-8-24-months-300-g-bag-in-box/ in 12.1s (HTTP 403)
2026-09-11 13:07:48 [WARNING] osa_qc.engine: Retry 2/3 for https://www.bigbasket.com/pd/40333614/nestle-ceralac-5-grains-fruits-18-24-months-300-g/ in 13.2s (HTTP 403)
2026-09-11 13:07:48 [WARNING] osa_qc.engine: Retry 2/3 for https://www.bigbasket.com/pd/40359127/horlicks-classic-malt-nutrition-drink-500-g-pouch/ in 12.3s (HTTP 403)
2026-09-11 13:07:59 [WARNING] osa_qc.engine: Retry 1/3 for https://www.bigbasket.com/pd/40348855/horlicks-chocolate-delight-flavour-nutrition-drink-1-kg/ in 6.1s (HTTP 403)
2026-09-11 13:08:05 [WARNING] osa_qc.engine: Retry 1/3 for https://www.bigbasket.com/pd/253860/nestle-nan-pro-3-follow-up-formula-stage-3-after-12-months-400-g-bag-in-box/ in 7.6s (HTTP 403)
2026-09-11 13:08:05 [WARNING] osa_qc.engine: Retry 1/3 for https://www.bigbasket.com/pd/40075448/dexolac-follow-up-formula-infant-powder-stage-3-400-g/ in 7.0s (HTTP 403)
2026-09-11 13:08:06 [WARNING] osa_qc.engine: Retry 2/3 for https://www.bigbasket.com/pd/40348855/horlicks-chocolate-delight-flavour-nutrition-drink-1-kg/ in 12.6s (HTTP 403)
2026-09-11 13:08:12 [WARNING] osa_qc.engine: Retry 2/3 for https://www.bigbasket.com/pd/40075448/dexolac-follow-up-formula-infant-powder-stage-3-400-g/ in 12.4s (HTTP 403)
2026-09-11 13:08:13 [WARNING] osa_qc.engine: Retry 2/3 for https://www.bigbasket.com/pd/253860/nestle-nan-pro-3-follow-up-formula-stage-3-after-12-months-400-g-bag-in-box/ in 12.7s (HTTP 403)
2026-09-11 13:08:23 [WARNING] osa_qc.engine: Retry 1/3 for https://www.bigbasket.com/pd/40332569/nestle-cerelac-wheat-apple-baby-cereal-no-refined-sugar-stage-1-6-24-months-350-g-bag-in-box-pack/ in 7.7s (HTTP 403)
2026-09-11 13:08:29 [WARNING] osa_qc.engine: Retry 1/3 for https://www.bigbasket.com/pd/40333614/nestle-ceralac-5-grains-fruits-18-24-months-300-g/ in 7.9s (HTTP 403)
2026-09-11 13:08:29 [WARNING] osa_qc.engine: Retry 1/3 for https://www.bigbasket.com/pd/258403/ensure-nutritional-powder-chocolate-flavour-400-g/ in 6.8s (HTTP 403)
2026-09-11 13:08:30 [WARNING] osa_qc.engine: Retry 2/3 for https://www.bigbasket.com/pd/40332569/nestle-cerelac-wheat-apple-baby-cereal-no-refined-sugar-stage-1-6-24-months-350-g-bag-in-box-pack/ in 13.0s (HTTP 403)
2026-09-11 13:08:36 [WARNING] osa_qc.engine: Retry 2/3 for https://www.bigbasket.com/pd/258403/ensure-nutritional-powder-chocolate-flavour-400-g/ in 12.5s (HTTP 403)
2026-09-11 13:08:37 [WARNING] osa_qc.engine: Retry 2/3 for https://www.bigbasket.com/pd/40333614/nestle-ceralac-5-grains-fruits-18-24-months-300-g/ in 12.0s (HTTP 403)
2026-09-11 13:08:47 [WARNING] osa_qc.engine: Retry 1/3 for https://www.bigbasket.com/pd/40068296/similac-advance-stage-3-formula-from-12-to-24-months-400-g/ in 6.8s (HTTP 403)
2026-09-11 13:08:54 [WARNING] osa_qc.engine: Retry 1/3 for https://www.bigbasket.com/pd/40333427/nestle-cerelac-baby-cereal-multigrain-fruits-12-24-months-300-g/ in 7.1s (HTTP 403)
2026-09-11 14:38:10 [INFO] osa_qc.engine: Starting QC for 30 rows on blinkit (concurrency=3)
2026-09-11 14:38:13 [INFO] osa_qc.engine: Processing in 1 batch(es) of up to 50 rows each
2026-09-11 14:38:13 [INFO] osa_qc.engine: Starting batch 1/1 (30 rows)
2026-09-11 14:38:29 [WARNING] osa_qc.engine: Retry 1/3 for https://www.bigbasket.com/pd/40315263/protinex-nutritional-beverage-mix-creamy-vanilla-flavour-for-adults-1-kg/ in 6.7s (HTTP 403)
2026-09-11 14:38:29 [WARNING] osa_qc.engine: Retry 1/3 for https://www.bigbasket.com/pd/40085808/nestle-ceregrow-baby-cereal-multigrain-with-milk-fruits-from-2-5-years-rich-in-iron-300-g-box/ in 7.6s (HTTP 403)
2026-09-11 14:38:31 [WARNING] osa_qc.engine: Retry 1/3 for https://www.bigbasket.com/pd/40281932/similac-infant-formula-stage-1-upto-6-months-easy-digestion-calcium-rich-400-g/ in 7.0s (HTTP 403)
2026-09-11 14:38:37 [WARNING] osa_qc.engine: Retry 2/3 for https://www.bigbasket.com/pd/40315263/protinex-nutritional-beverage-mix-creamy-vanilla-flavour-for-adults-1-kg/ in 13.5s (HTTP 403)
2026-09-11 14:38:38 [WARNING] osa_qc.engine: Retry 2/3 for https://www.bigbasket.com/pd/40085808/nestle-ceregrow-baby-cereal-multigrain-with-milk-fruits-from-2-5-years-rich-in-iron-300-g-box/ in 13.0s (HTTP 403)
2026-09-11 14:38:39 [WARNING] osa_qc.engine: Retry 2/3 for https://www.bigbasket.com/pd/40281932/similac-infant-formula-stage-1-upto-6-months-easy-digestion-calcium-rich-400-g/ in 12.5s (HTTP 403)
2026-09-11 14:38:54 [WARNING] osa_qc.engine: Retry 1/3 for https://www.bigbasket.com/pd/40085808/nestle-ceregrow-baby-cereal-multigrain-with-milk-fruits-from-2-5-years-rich-in-iron-300-g-box/ in 6.7s (HTTP 403)
2026-09-11 14:38:54 [WARNING] osa_qc.engine: Retry 1/3 for https://www.bigbasket.com/pd/240158/nestle-cerelac-baby-cereal-with-milk-multigrain-fruits-from-12-24-months-rich-in-iron-300-g-bag-in-box/ in 7.6s (HTTP 403)
2026-09-11 14:38:55 [WARNING] osa_qc.engine: Retry 1/3 for https://www.bigbasket.com/pd/258403/ensure-nutritional-powder-chocolate-flavour-400-g/ in 6.5s (HTTP 403)
2026-09-11 14:39:01 [WARNING] osa_qc.engine: Retry 2/3 for https://www.bigbasket.com/pd/40085808/nestle-ceregrow-baby-cereal-multigrain-with-milk-fruits-from-2-5-years-rich-in-iron-300-g-box/ in 12.7s (HTTP 403)
2026-09-11 14:39:02 [WARNING] osa_qc.engine: Retry 2/3 for https://www.bigbasket.com/pd/258403/ensure-nutritional-powder-chocolate-flavour-400-g/ in 12.0s (HTTP 403)
2026-09-11 14:39:02 [WARNING] osa_qc.engine: Retry 2/3 for https://www.bigbasket.com/pd/240158/nestle-cerelac-baby-cereal-with-milk-multigrain-fruits-from-12-24-months-rich-in-iron-300-g-bag-in-box/ in 13.2s (HTTP 403)
2026-09-11 14:39:17 [WARNING] osa_qc.engine: Retry 1/3 for https://www.bigbasket.com/pd/40341055/nestle-cerelac-wheat-rice-mixed-veg-baby-cereal-10-to-24-months-300-g/ in 7.4s (HTTP 403)
2026-09-11 14:39:18 [WARNING] osa_qc.engine: Retry 1/3 for https://www.bigbasket.com/pd/119400/horlicks-junior-health-nutrition-drink-vanilla-500-g-carton/ in 7.4s (HTTP 403)
2026-09-11 14:39:20 [WARNING] osa_qc.engine: Retry 1/3 for https://www.bigbasket.com/pd/40360527/horlicks-classic-malt-nutrition-drink-1-kg/ in 6.7s (HTTP 403)
2026-09-11 14:39:25 [WARNING] osa_qc.engine: Retry 2/3 for https://www.bigbasket.com/pd/40341055/nestle-cerelac-wheat-rice-mixed-veg-baby-cereal-10-to-24-months-300-g/ in 13.9s (HTTP 403)
2026-09-11 14:39:26 [WARNING] osa_qc.engine: Retry 2/3 for https://www.bigbasket.com/pd/119400/horlicks-junior-health-nutrition-drink-vanilla-500-g-carton/ in 12.4s (HTTP 403)
2026-09-11 14:39:27 [WARNING] osa_qc.engine: Retry 2/3 for https://www.bigbasket.com/pd/40360527/horlicks-classic-malt-nutrition-drink-1-kg/ in 12.9s (HTTP 403)
2026-09-11 14:39:42 [WARNING] osa_qc.engine: Retry 1/3 for https://www.bigbasket.com/pd/40205329/horlicks-junior-health-drink-chocolate-specialized-nutrition-for-kids-500-g/ in 7.6s (HTTP 403)
2026-09-11 14:39:43 [WARNING] osa_qc.engine: Retry 1/3 for https://www.bigbasket.com/pd/40241641/ensure-high-protein-powder-health-supplement-supports-muscle-strength-for-active-adults-chocolate-400-g/ in 7.9s (HTTP 403)
2026-09-11 14:39:44 [WARNING] osa_qc.engine: Retry 1/3 for https://www.bigbasket.com/pd/40348876/horlicks-vanilla-flavour-diabetes-plus-1-kg/ in 7.5s (HTTP 403)
2026-09-11 14:39:49 [WARNING] osa_qc.engine: Retry 2/3 for https://www.bigbasket.com/pd/40205329/horlicks-junior-health-drink-chocolate-specialized-nutrition-for-kids-500-g/ in 12.0s (HTTP 403)
2026-09-11 14:39:51 [WARNING] osa_qc.engine: Retry 2/3 for https://www.bigbasket.com/pd/40241641/ensure-high-protein-powder-health-supplement-supports-muscle-strength-for-active-adults-chocolate-400-g/ in 13.0s (HTTP 403)
2026-09-11 14:39:51 [WARNING] osa_qc.engine: Retry 2/3 for https://www.bigbasket.com/pd/40348876/horlicks-vanilla-flavour-diabetes-plus-1-kg/ in 12.5s (HTTP 403)
2026-09-11 14:40:04 [WARNING] osa_qc.engine: Retry 1/3 for https://www.bigbasket.com/pd/258403/ensure-nutritional-powder-chocolate-flavour-400-g/ in 6.2s (HTTP 403)
2026-09-11 14:40:07 [WARNING] osa_qc.engine: Retry 1/3 for https://www.bigbasket.com/pd/40315265/protinex-nutritional-beverage-mix-original-for-adults-1-kg/ in 6.2s (HTTP 403)
2026-09-11 14:40:09 [WARNING] osa_qc.engine: Retry 1/3 for https://www.bigbasket.com/pd/40121938/horlicks-protein-plus-chocolate-400-g/ in 6.3s (HTTP 403)
2026-09-11 14:40:11 [WARNING] osa_qc.engine: Retry 2/3 for https://www.bigbasket.com/pd/258403/ensure-nutritional-powder-chocolate-flavour-400-g/ in 13.6s (HTTP 403)
2026-09-11 14:40:14 [WARNING] osa_qc.engine: Retry 2/3 for https://www.bigbasket.com/pd/40315265/protinex-nutritional-beverage-mix-original-for-adults-1-kg/ in 12.8s (HTTP 403)
2026-09-11 14:40:15 [WARNING] osa_qc.engine: Retry 2/3 for https://www.bigbasket.com/pd/40121938/horlicks-protein-plus-chocolate-400-g/ in 13.4s (HTTP 403)
